// Jest Snapshot v1, https://goo.gl/fbAQLP

exports[`browserslist-config-canopy exports a valid browserslist config that is what we want for Canopy 1`] = `
Array [
  "chrome 70",
  "chrome 69",
  "chrome 68",
  "chrome 67",
  "chrome 66",
  "chrome 65",
  "chrome 64",
  "edge 17",
  "edge 16",
  "edge 15",
  "firefox 63",
  "firefox 62",
  "firefox 61",
  "firefox 60",
  "firefox 59",
  "ios_saf 12",
  "ios_saf 11.3-11.4",
  "ios_saf 11.0-11.2",
  "opera 56",
  "opera 55",
  "opera 54",
  "safari 12",
  "safari 11.1",
  "safari 11",
]
`;
