// Jest Snapshot v1, https://goo.gl/fbAQLP

exports[`browserslist-config-canopy exports a valid browserslist config that is what we want for Canopy 1`] = `
Array [
  "chrome 74",
  "chrome 73",
  "chrome 72",
  "chrome 71",
  "chrome 70",
  "chrome 69",
  "chrome 68",
  "edge 18",
  "edge 17",
  "edge 16",
  "firefox 66",
  "firefox 65",
  "firefox 64",
  "firefox 63",
  "firefox 62",
  "ios_saf 12.2",
  "ios_saf 12.0-12.1",
  "ios_saf 11.3-11.4",
  "ios_saf 11.0-11.2",
  "opera 58",
  "opera 57",
  "opera 56",
  "safari 12.1",
  "safari 12",
  "safari 11.1",
  "safari 11",
]
`;
